// Jest Snapshot v1, https://goo.gl/fbAQLP

exports[`<CurrentStateTable /> Should hide device if no device selected. 1`] = `
"Snapshot Diff:
- First value
+ Second value

@@ -9,13 +9,11 @@
          class=\\"col-md-6 d-flex flex-column align-items-center justify-content-center\\"
        >
          <i
            class=\\"fas fa-hdd fa-4x mb-1\\"
          />
-         <h5>
-           /dev/sdb
-         </h5>
+         <h5 />
        </div>
        <div
          class=\\"col-md-6\\"
        >
          <div
@@ -32,13 +30,11 @@
                    <th
                      scope=\\"row\\"
                    >
                      Device
                    </th>
-                   <td>
-                     /dev/sdb
-                   </td>
+                   <td />
                  </tr>
                  <tr>
                    <th
                      scope=\\"row\\"
                    >"
`;

exports[`<CurrentStateTable /> Should render spinner when storage is pending. 1`] = `
"Snapshot Diff:
- First value
+ Second value

@@ -30,10 +30,36 @@
                <tbody>
                  <tr>
                    <th
                      scope=\\"row\\"
                    >
+                     State
+                   </th>
+                   <td>
+                     <div
+                       class=\\"d-flex flex-row\\"
+                     >
+                       <div
+                         class=\\"spinner-border spinner-border-sm\\"
+                         role=\\"status\\"
+                       >
+                         <span
+                           class=\\"sr-only\\"
+                         />
+                       </div>
+                       <div
+                         class=\\"spinner-text\\"
+                       >
+                         Â Formatting
+                       </div>
+                     </div>
+                   </td>
+                 </tr>
+                 <tr>
+                   <th
+                     scope=\\"row\\"
+                   >
                      Device
                    </th>
                    <td>
                      /dev/sdb
                    </td>"
`;

exports[`<CurrentStateTable /> Should render. 1`] = `
<DocumentFragment>
  <div
    class="mb-3"
  >
    <div
      class="row no-gutters justify-content-center"
    >
      <div
        class="col-md-6 d-flex flex-column align-items-center justify-content-center"
      >
        <i
          class="fas fa-hdd fa-4x mb-1"
        />
        <h5>
          /dev/sdb
        </h5>
      </div>
      <div
        class="col-md-6"
      >
        <div
          class="card-body"
        >
          <div
            class="table-responsive"
          >
            <table
              class="table table-borderless table-hover"
            >
              <tbody>
                <tr>
                  <th
                    scope="row"
                  >
                    Device
                  </th>
                  <td>
                    /dev/sdb
                  </td>
                </tr>
                <tr>
                  <th
                    scope="row"
                  >
                    UUID
                  </th>
                  <td>
                    1234-1234-1234-1234-1234
                  </td>
                </tr>
                <tr>
                  <th
                    scope="row"
                  >
                    RAID
                  </th>
                  <td>
                    single
                  </td>
                </tr>
              </tbody>
            </table>
          </div>
        </div>
      </div>
    </div>
  </div>
</DocumentFragment>
`;
